 PASS  src/components/home_living/tests/HomeLivingLandingPage.test.js
 PASS  src/app/orders/tests/OrdersPage.test.js
 PASS  src/app/profile/tests/ProfilePage.test.js
 PASS  src/app/products/tests/ProductsPage.test.js
 PASS  src/components/auth/tests/AuthInit.test.js
 PASS  src/components/home/tests/FeaturedSection.test.js
 PASS  src/components/kids/tests/KidsLandingPage.test.js
 PASS  src/app/checkout/tests/CheckoutPage.test.js
 PASS  src/app/cart/tests/CartPage.test.js
 PASS  src/components/layout/tests/Navbar.test.js
 PASS  src/app/register/tests/RegisterPage.test.js
 PASS  src/app/login/tests/LoginPage.test.js
 PASS  src/app/tests/RootLayout.test.js
  ● Console

    console.error
      In HTML, <html> cannot be a child of <div>.
      This will cause a hydration error.

      25 | describe('RootLayout', () => {
      26 |     it('renders children within providers and layout', () => {
    > 27 |         render(
         |               ^
      28 |             <RootLayout>
      29 |                 <div data-testid="test-child">Child Content</div>
      30 |             </RootLayout>

      at validateDOMNesting (node_modules/react-dom/cjs/react-dom-client.development.js:2598:19)
      at resolveSingletonInstance (node_modules/react-dom/cjs/react-dom-client.development.js:22598:9)
      at completeWork (node_modules/react-dom/cjs/react-dom-client.development.js:12525:29)
      at runWithFiberInDEV (node_modules/react-dom/cjs/react-dom-client.development.js:874:13)
      at completeUnitOfWork (node_modules/react-dom/cjs/react-dom-client.development.js:17777:19)
      at performUnitOfWork (node_modules/react-dom/cjs/react-dom-client.development.js:17658:11)
      at workLoopSync (node_modules/react-dom/cjs/react-dom-client.development.js:17469:41)
      at renderRootSync (node_modules/react-dom/cjs/react-dom-client.development.js:17450:11)
      at performWorkOnRoot (node_modules/react-dom/cjs/react-dom-client.development.js:16504:11)
      at performWorkOnRootViaSchedulerTask (node_modules/react-dom/cjs/react-dom-client.development.js:18957:7)
      at flushActQueue (node_modules/react/cjs/react.development.js:590:34)
      at process.env.NODE_ENV.exports.act (node_modules/react/cjs/react.development.js:884:10)
      at node_modules/@testing-library/react/dist/act-compat.js:46:25
      at renderRoot (node_modules/@testing-library/react/dist/pure.js:189:26)
      at render (node_modules/@testing-library/react/dist/pure.js:291:10)
      at Object.<anonymous> (src/app/tests/RootLayout.test.js:27:15)

 PASS  src/components/home/tests/CategoryShowcase.test.js
 FAIL  src/app/products/[id]/tests/ProductDetailsPage.test.js
  ● ProductDetailsPage › dispatches toggleWishlist when clicking heart button and handles state change

    TestingLibraryElementError: Unable to find a label with the text of: /Add to Wishlist/i

    Ignored nodes: comments, script, style
    <body>
      <div>
        <div
          class="bg-white min-h-screen pt-24 pb-32 overflow-hidden"
        >
          <div
            class="max-w-7xl mx-auto px-4 sm:px-6 lg:px-8"
          >
            <div
              class="flex items-center gap-4 mb-12 animate-fade-in"
            >
              <a
                href="/products"
              >
                <svg
                  aria-hidden="true"
                  class="lucide lucide-arrow-left w-4 h-4 text-gray-400 group-hover:text-black"
                  fill="none"
                  height="24"
                  stroke="currentColor"
                  stroke-linecap="round"
                  stroke-linejoin="round"
                  stroke-width="2"
                  viewBox="0 0 24 24"
                  width="24"
                  xmlns="http://www.w3.org/2000/svg"
                >
                  <path
                    d="m12 19-7-7 7-7"
                  />
                  <path
                    d="M19 12H5"
                  />
                </svg>
              </a>
              <div
                class="h-[1px] w-8 bg-gray-100"
              />
              <p
                class="text-[10px] font-black text-gray-400 uppercase tracking-widest"
              >
                men
                 / 
                <span
                  class="text-black"
                >
                  Premium Jacket
                </span>
              </p>
            </div>
            <div
              class="lg:grid lg:grid-cols-12 lg:gap-16 xl:gap-24"
            >
              <div
                class="lg:col-span-7 space-y-8 animate-slide-right"
              >
                <div
                  class="relative aspect-[3/4] rounded-[40px] overflow-hidden bg-gray-50 border border-gray-100 shadow-2xl group cursor-zoom-in"
                >
                  <img
                    alt="Premium Jacket"
                    class="object-cover object-center transition-transform duration-1000 group-hover:scale-110"
                    src="/jacket.jpg"
                  />
                  <div
                    class="absolute top-8 left-8 bg-black text-white text-[10px] font-black px-4 py-2 rounded-full uppercase tracking-[0.2em] shadow-xl"
                  >
                    -
                    10
                    % Exclusive
                  </div>
                  <button
                    aria-label="Share product"
                    class="absolute top-8 right-8 p-4 bg-white/10 backdrop-blur-md rounded-full text-white hover:bg-white hover:text-black transition-all"
                  >
                    <svg
                      aria-hidden="true"
                      class="lucide lucide-share2 lucide-share-2 w-4 h-4"
                      fill="none"
                      height="24"
                      stroke="currentColor"
                      stroke-linecap="round"
                      stroke-linejoin="round"
                      stroke-width="2"
                      viewBox="0 0 24 24"
                      width="24"
                      xmlns="http://www.w3.org/2000/svg"
                    >
                      <circle
                        cx="18"
                        cy="5"
                        r="3"
                      />
                      <circle
                        cx="6"
                        cy="12"
                        r="3"
                      />
                      <circle
                        cx="18"
                        cy="19"
                        r="3"
                      />
                      <line
                        x1="8.59"
                        x2="15.42"
                        y1="13.51"
                        y2="17.49"
                      />
                      <line
                        x1="15.41"
                        x2="8.59"
                        y1="6.51"
                        y2="10.49"
                      />
                    </svg>
                  </button>
                </div>
                <div
                  class="grid grid-cols-4 gap-6"
                >
                  <button
                    class="aspect-[3/4] relative rounded-3xl overflow-hidden bg-gray-50 border-4 transition-all duration-500 transform border-transparent hover:scale-105"
                  >
                    <img
                      alt="Premium Jacket 1"
                      class="object-cover object-center"
                      src="/jacket1.jpg"
                    />
                  </button>
                  <button
                    class="aspect-[3/4] relative rounded-3xl overflow-hidden bg-gray-50 border-4 transition-all duration-500 transform border-transparent hover:scale-105"
                  >
                    <img
                      alt="Premium Jacket 2"
                      class="object-cover object-center"
                      src="/jacket2.jpg"
                    />
                  </button>
                </div>
              </div>
              <div
                class="lg:col-span-5 mt-16 sm:mt-20 lg:mt-0 animate-slide-left"
                style="animation-delay: 200ms;"
              >
                <div
                  class="sticky top-24 space-y-12"
                >
                  <div
                    class="space-y-...

      105 |         await waitFor(() => expect(screen.getByRole('heading', { name: 'Premium Jacket', level: 1 })).toBeInTheDocument());
      106 |
    > 107 |         const heartButton = screen.getByLabelText(/Add to Wishlist/i);
          |                                    ^
      108 |         fireEvent.click(heartButton);
      109 |
      110 |         const { toggleWishlist: toggleWishlistAction } = require('@/store/slices/wishlistSlice');

      at Object.getElementError (node_modules/@testing-library/dom/dist/config.js:37:19)
      at getAllByLabelText (node_modules/@testing-library/dom/dist/queries/label-text.js:111:38)
      at node_modules/@testing-library/dom/dist/query-helpers.js:52:17
      at node_modules/@testing-library/dom/dist/query-helpers.js:95:19
      at Object.getByLabelText (src/app/products/[id]/tests/ProductDetailsPage.test.js:107:36)

 PASS  src/components/layout/tests/Footer.test.js
 PASS  src/components/layout/tests/ConditionalLayout.test.js
  ● Console

    console.error
      Received `true` for a non-boolean attribute `priority`.
      
      If you want to write it to the DOM, pass a string instead: priority="true" or priority={value.toString()}.

      34 |     it('renders children', () => {
      35 |         usePathname.mockReturnValue('/');
    > 36 |         render(
         |               ^
      37 |             <ConditionalLayout>
      38 |                 <div data-testid="child">Test Child</div>
      39 |             </ConditionalLayout>

      at validateProperty (node_modules/react-dom/cjs/react-dom-client.development.js:3070:27)
      at warnUnknownProperties (node_modules/react-dom/cjs/react-dom-client.development.js:3146:9)
      at validatePropertiesInDevelopment (node_modules/react-dom/cjs/react-dom-client.development.js:19868:9)
      at setInitialProperties (node_modules/react-dom/cjs/react-dom-client.development.js:20491:7)
      at completeWork (node_modules/react-dom/cjs/react-dom-client.development.js:12662:18)
      at runWithFiberInDEV (node_modules/react-dom/cjs/react-dom-client.development.js:874:13)
      at completeUnitOfWork (node_modules/react-dom/cjs/react-dom-client.development.js:17777:19)
      at performUnitOfWork (node_modules/react-dom/cjs/react-dom-client.development.js:17658:11)
      at workLoopSync (node_modules/react-dom/cjs/react-dom-client.development.js:17469:41)
      at renderRootSync (node_modules/react-dom/cjs/react-dom-client.development.js:17450:11)
      at performWorkOnRoot (node_modules/react-dom/cjs/react-dom-client.development.js:16504:11)
      at performWorkOnRootViaSchedulerTask (node_modules/react-dom/cjs/react-dom-client.development.js:18957:7)
      at flushActQueue (node_modules/react/cjs/react.development.js:590:34)
      at process.env.NODE_ENV.exports.act (node_modules/react/cjs/react.development.js:884:10)
      at node_modules/@testing-library/react/dist/act-compat.js:46:25
      at renderRoot (node_modules/@testing-library/react/dist/pure.js:189:26)
      at render (node_modules/@testing-library/react/dist/pure.js:291:10)
      at Object.<anonymous> (src/components/layout/tests/ConditionalLayout.test.js:36:15)

 PASS  src/components/ui/tests/Button.test.js
 PASS  src/components/product/tests/FilterSidebar.test.js
 PASS  src/components/layout/tests/Hero.test.js
 PASS  src/app/wishlist/tests/WishlistPage.test.js
 PASS  src/components/women/tests/WomenLandingPage.test.js
 PASS  src/components/beauty/tests/BeautyLandingPage.test.js
 PASS  src/app/tests/Metadata.test.js
 PASS  src/components/product/tests/CategoryHeader.test.js
 PASS  src/components/product/tests/ProductCard.test.js
 PASS  src/app/tests/Home.test.js
 PASS  src/components/men/tests/MenLandingPage.test.js
----------------------------|---------|----------|---------|---------|-------------------
File                        | % Stmts | % Branch | % Funcs | % Lines | Uncovered Line #s 
----------------------------|---------|----------|---------|---------|-------------------
All files                   |   99.31 |    90.18 |   97.53 |   99.31 |                   
 app                        |     100 |      100 |     100 |     100 |                   
  layout.tsx                |     100 |      100 |     100 |     100 |                   
  page.tsx                  |     100 |      100 |     100 |     100 |                   
  robots.ts                 |     100 |      100 |     100 |     100 |                   
  sitemap.ts                |     100 |      100 |     100 |     100 |                   
 app/cart                   |     100 |      100 |     100 |     100 |                   
  CartClient.tsx            |     100 |      100 |     100 |     100 |                   
  page.tsx                  |     100 |      100 |     100 |     100 |                   
 app/checkout               |   94.82 |    76.19 |     100 |   94.82 |                   
  CheckoutClient.tsx        |   94.61 |       75 |     100 |   94.61 | 43-55,81-83       
  page.tsx                  |     100 |      100 |     100 |     100 |                   
 app/login                  |     100 |    77.77 |   83.33 |     100 |                   
  LoginClient.tsx           |     100 |       75 |      80 |     100 | 31-32             
  page.tsx                  |     100 |      100 |     100 |     100 |                   
 app/orders                 |   99.52 |    88.88 |     100 |   99.52 |                   
  OrdersClient.tsx          |   99.49 |     87.5 |     100 |   99.49 | 20                
  page.tsx                  |     100 |      100 |     100 |     100 |                   
 app/products               |     100 |      100 |     100 |     100 |                   
  ProductsClient.tsx        |     100 |      100 |     100 |     100 |                   
  page.tsx                  |     100 |      100 |     100 |     100 |                   
 app/products/[id]          |   98.68 |    95.12 |    87.5 |   98.68 |                   
  ProductDetailClient.tsx   |   98.43 |    94.59 |   83.33 |   98.43 | 56-59             
  page.tsx                  |     100 |      100 |     100 |     100 |                   
 app/profile                |     100 |       50 |     100 |     100 |                   
  ProfileClient.tsx         |     100 |    42.85 |     100 |     100 | 36-38,71          
  page.tsx                  |     100 |      100 |     100 |     100 |                   
 app/register               |   99.11 |    85.71 |     100 |   99.11 |                   
  RegisterClient.tsx        |   99.06 |    83.33 |     100 |   99.06 | 46-47             
  page.tsx                  |     100 |      100 |     100 |     100 |                   
 app/wishlist               |     100 |      100 |     100 |     100 |                   
  WishlistClient.tsx        |     100 |      100 |     100 |     100 |                   
  page.tsx                  |     100 |      100 |     100 |     100 |                   
 components/auth            |     100 |      100 |     100 |     100 |                   
  AuthInit.tsx              |     100 |      100 |     100 |     100 |                   
 components/beauty          |   99.59 |     87.5 |     100 |   99.59 |                   
  BeautyLandingPage.tsx     |   99.59 |     87.5 |     100 |   99.59 | 66                
 components/home            |   98.65 |    66.66 |     100 |   98.65 |                   
  CategoryShowcase.tsx      |     100 |      100 |     100 |     100 |                   
  FeaturedSection.tsx       |   97.88 |    61.53 |     100 |   97.88 | 37,58-59          
 components/home_living     |   99.62 |     87.5 |     100 |   99.62 |                   
  HomeLivingLandingPage.tsx |   99.62 |     87.5 |     100 |   99.62 | 66                
 components/kids            |   99.61 |     87.5 |     100 |   99.61 |                   
  KidsLandingPage.tsx       |   99.61 |     87.5 |     100 |   99.61 | 66                
 components/layout          |     100 |    97.05 |     100 |     100 |                   
  ConditionalLayout.tsx     |     100 |       50 |     100 |     100 | 17                
  Footer.tsx                |     100 |      100 |     100 |     100 |                   
  Hero.tsx                  |     100 |      100 |     100 |     100 |                   
  Navbar.tsx                |     100 |      100 |     100 |     100 |                   
 components/men             |    99.6 |     87.5 |     100 |    99.6 |                   
  MenLandingPage.tsx        |    99.6 |     87.5 |     100 |    99.6 | 66                
 components/product         |     100 |      100 |     100 |     100 |                   
  CategoryHeader.tsx        |     100 |      100 |     100 |     100 |                   
  FilterSidebar.tsx         |     100 |      100 |     100 |     100 |                   
  ProductCard.tsx           |     100 |      100 |     100 |     100 |                   
 components/ui              |     100 |      100 |     100 |     100 |                   
  Button.tsx                |     100 |      100 |     100 |     100 |                   
 components/women           |   99.58 |     87.5 |     100 |   99.58 |                   
  WomenLandingPage.tsx      |   99.58 |     87.5 |     100 |   99.58 | 66                
----------------------------|---------|----------|---------|---------|-------------------

Summary of all failing tests
 FAIL  src/app/products/[id]/tests/ProductDetailsPage.test.js
  ● ProductDetailsPage › dispatches toggleWishlist when clicking heart button and handles state change

    TestingLibraryElementError: Unable to find a label with the text of: /Add to Wishlist/i

    Ignored nodes: comments, script, style
    <body>
      <div>
        <div
          class="bg-white min-h-screen pt-24 pb-32 overflow-hidden"
        >
          <div
            class="max-w-7xl mx-auto px-4 sm:px-6 lg:px-8"
          >
            <div
              class="flex items-center gap-4 mb-12 animate-fade-in"
            >
              <a
                href="/products"
              >
                <svg
                  aria-hidden="true"
                  class="lucide lucide-arrow-left w-4 h-4 text-gray-400 group-hover:text-black"
                  fill="none"
                  height="24"
                  stroke="currentColor"
                  stroke-linecap="round"
                  stroke-linejoin="round"
                  stroke-width="2"
                  viewBox="0 0 24 24"
                  width="24"
                  xmlns="http://www.w3.org/2000/svg"
                >
                  <path
                    d="m12 19-7-7 7-7"
                  />
                  <path
                    d="M19 12H5"
                  />
                </svg>
              </a>
              <div
                class="h-[1px] w-8 bg-gray-100"
              />
              <p
                class="text-[10px] font-black text-gray-400 uppercase tracking-widest"
              >
                men
                 / 
                <span
                  class="text-black"
                >
                  Premium Jacket
                </span>
              </p>
            </div>
            <div
              class="lg:grid lg:grid-cols-12 lg:gap-16 xl:gap-24"
            >
              <div
                class="lg:col-span-7 space-y-8 animate-slide-right"
              >
                <div
                  class="relative aspect-[3/4] rounded-[40px] overflow-hidden bg-gray-50 border border-gray-100 shadow-2xl group cursor-zoom-in"
                >
                  <img
                    alt="Premium Jacket"
                    class="object-cover object-center transition-transform duration-1000 group-hover:scale-110"
                    src="/jacket.jpg"
                  />
                  <div
                    class="absolute top-8 left-8 bg-black text-white text-[10px] font-black px-4 py-2 rounded-full uppercase tracking-[0.2em] shadow-xl"
                  >
                    -
                    10
                    % Exclusive
                  </div>
                  <button
                    aria-label="Share product"
                    class="absolute top-8 right-8 p-4 bg-white/10 backdrop-blur-md rounded-full text-white hover:bg-white hover:text-black transition-all"
                  >
                    <svg
                      aria-hidden="true"
                      class="lucide lucide-share2 lucide-share-2 w-4 h-4"
                      fill="none"
                      height="24"
                      stroke="currentColor"
                      stroke-linecap="round"
                      stroke-linejoin="round"
                      stroke-width="2"
                      viewBox="0 0 24 24"
                      width="24"
                      xmlns="http://www.w3.org/2000/svg"
                    >
                      <circle
                        cx="18"
                        cy="5"
                        r="3"
                      />
                      <circle
                        cx="6"
                        cy="12"
                        r="3"
                      />
                      <circle
                        cx="18"
                        cy="19"
                        r="3"
                      />
                      <line
                        x1="8.59"
                        x2="15.42"
                        y1="13.51"
                        y2="17.49"
                      />
                      <line
                        x1="15.41"
                        x2="8.59"
                        y1="6.51"
                        y2="10.49"
                      />
                    </svg>
                  </button>
                </div>
                <div
                  class="grid grid-cols-4 gap-6"
                >
                  <button
                    class="aspect-[3/4] relative rounded-3xl overflow-hidden bg-gray-50 border-4 transition-all duration-500 transform border-transparent hover:scale-105"
                  >
                    <img
                      alt="Premium Jacket 1"
                      class="object-cover object-center"
                      src="/jacket1.jpg"
                    />
                  </button>
                  <button
                    class="aspect-[3/4] relative rounded-3xl overflow-hidden bg-gray-50 border-4 transition-all duration-500 transform border-transparent hover:scale-105"
                  >
                    <img
                      alt="Premium Jacket 2"
                      class="object-cover object-center"
                      src="/jacket2.jpg"
                    />
                  </button>
                </div>
              </div>
              <div
                class="lg:col-span-5 mt-16 sm:mt-20 lg:mt-0 animate-slide-left"
                style="animation-delay: 200ms;"
              >
                <div
                  class="sticky top-24 space-y-12"
                >
                  <div
                    class="space-y-...

      105 |         await waitFor(() => expect(screen.getByRole('heading', { name: 'Premium Jacket', level: 1 })).toBeInTheDocument());
      106 |
    > 107 |         const heartButton = screen.getByLabelText(/Add to Wishlist/i);
          |                                    ^
      108 |         fireEvent.click(heartButton);
      109 |
      110 |         const { toggleWishlist: toggleWishlistAction } = require('@/store/slices/wishlistSlice');

      at Object.getElementError (node_modules/@testing-library/dom/dist/config.js:37:19)
      at getAllByLabelText (node_modules/@testing-library/dom/dist/queries/label-text.js:111:38)
      at node_modules/@testing-library/dom/dist/query-helpers.js:52:17
      at node_modules/@testing-library/dom/dist/query-helpers.js:95:19
      at Object.getByLabelText (src/app/products/[id]/tests/ProductDetailsPage.test.js:107:36)


Test Suites: 1 failed, 27 passed, 28 total
Tests:       1 failed, 82 passed, 83 total
Snapshots:   0 total
Time:        6.467 s
Ran all test suites.
