node.exe : FAIL src/app/prod
ucts/[id]/tests/ProductDetai
lsPage.test.js
At line:1 char:1
+ & "C:\Program 
Files\nodejs/node.exe" 
"C:\Program 
Files\nodejs/node_mo ...
+ ~~~~~~~~~~~~~~~~~~~~~~~~~~
~~~~~~~~~~~~~~~~~~~~~~~~~~~~
~~~~~~~~~~~~~~~
    + CategoryInfo          
    : NotSpecified: (FAIL   
  src/app/pr...ilsPage.te   
 st.js:String) [], Remot    
eException
    + FullyQualifiedErrorId 
    : NativeCommandError
 
  ProductDetailsPage
    ??? renders loading 
state initially (31 ms)
    ?? renders product 
details after loading (1014 
ms)
    ?? dispatches addToCart 
when clicking reserve 
button (1013 ms)

  ??? ProductDetailsPage 
??? renders product details 
after loading

    Found multiple elements 
with the text: Premium 
Jacket

    Here are the matching 
elements:

    Ignored nodes: 
comments, script, style
    [36m<span[39m
      [33mclass[39m=[32m"
text-black"[39m
    [36m>[39m
      [0mPremium Jacket[0m
    [36m</span>[39m

    Ignored nodes: 
comments, script, style
    [36m<h1[39m
      [33mclass[39m=[32m"
text-6xl font-black 
text-gray-900 leading-[0.9] 
tracking-tighter uppercase 
italic"[39m
    [36m>[39m
      [0mPremium Jacket[0m
    [36m</h1>[39m

    (If this is 
intentional, then use the 
`*AllBy*` variant of the 
query (like 
`queryAllByText`, 
`getAllByText`, or 
`findAllByText`)).

    Ignored nodes: 
comments, script, style
    [36m<body>[39m
      [36m<div>[39m
        [36m<div[39m
          [33mclass[39m=[
32m"bg-white min-h-screen 
pt-24 pb-32 
overflow-hidden"[39m
        [36m>[39m
          [36m<div[39m
            [33mclass[39m=
[32m"max-w-7xl mx-auto 
px-4 sm:px-6 lg:px-8"[39m
          [36m>[39m
            [36m<div[39m
              
[33mclass[39m=[32m"flex 
items-center gap-4 mb-12 
animate-fade-in"[39m
            [36m>[39m
              [36m<a[39m
                [33mhref[3
9m=[32m"/products"[39m
              [36m>[39m
                
[36m<svg[39m
                  [33maria-
hidden[39m=[32m"true"[39m
                  [33mclass
[39m=[32m"lucide 
lucide-arrow-left w-4 h-4 
text-gray-400 
group-hover:text-black"[39m
                  [33mfill
[39m=[32m"none"[39m
                  [33mheigh
t[39m=[32m"24"[39m
                  [33mstrok
e[39m=[32m"currentColor"[
39m
                  [33mstrok
e-linecap[39m=[32m"round"
[39m
                  [33mstrok
e-linejoin[39m=[32m"round"
[39m
                  [33mstrok
e-width[39m=[32m"2"[39m
                  
[33mviewBox[39m=[32m"0 0 
24 24"[39m
                  [33mwidth
[39m=[32m"24"[39m
                  [33mxmlns
[39m=[32m"http://www.w3.or
g/2000/svg"[39m
                [36m>[39m
                  
[36m<path[39m
                    
[33md[39m=[32m"m12 
19-7-7 7-7"[39m
                  
[36m/>[39m
                  
[36m<path[39m
                    
[33md[39m=[32m"M19 
12H5"[39m
                  
[36m/>[39m
                
[36m</svg>[39m
              [36m</a>[39m
              [36m<div[39m
                [33mclass[
39m=[32m"h-[1px] w-8 
bg-gray-100"[39m
              [36m/>[39m
              [36m<p[39m
                [33mclass[
39m=[32m"text-[10px] 
font-black text-gray-400 
uppercase 
tracking-widest"[39m
              [36m>[39m
                [0mmen[0m
                [0m / [0m
                
[36m<span[39m
                  [33mclass
[39m=[32m"text-black"[39m
                [36m>[39m
                  
[0mPremium Jacket[0m
                
[36m</span>[39m
              [36m</p>[39m
            [36m</div>[39m
            [36m<div[39m
              [33mclass[39
m=[32m"lg:grid 
lg:grid-cols-12 lg:gap-16 
xl:gap-24"[39m
            [36m>[39m
              [36m<div[39m
                [33mclass[
39m=[32m"lg:col-span-7 
space-y-8 
animate-slide-right"[39m
              [36m>[39m
                
[36m<div[39m
                  [33mclass
[39m=[32m"relative 
aspect-[3/4] rounded-[40px] 
overflow-hidden bg-gray-50 
border border-gray-100 
shadow-2xl group 
cursor-zoom-in"[39m
                [36m>[39m
                  
[36m<img[39m
                    
[33malt[39m=[32m"Premium 
Jacket"[39m
                    [33mcla
ss[39m=[32m"object-cover 
object-center 
transition-transform 
duration-1000 
group-hover:scale-110"[39m
                    [33msrc
[39m=[32m"/jacket.jpg"[39
m
                  
[36m/>[39m
                  
[36m<div[39m
                    [33mcla
ss[39m=[32m"absolute 
top-8 left-8 bg-black 
text-white text-[10px] 
font-black px-4 py-2 
rounded-full uppercase 
tracking-[0.2em] 
shadow-xl"[39m
                  
[36m>[39m
                    
[0m-[0m
                    
[0m10[0m
                    [0m% 
Exclusive[0m
                  
[36m</div>[39m
                  
[36m<button[39m
                    [33mcla
ss[39m=[32m"absolute 
top-8 right-8 p-4 
bg-white/10 
backdrop-blur-md 
rounded-full text-white 
hover:bg-white 
hover:text-black 
transition-all"[39m
                  
[36m>[39m
                    
[36m<svg[39m
                      [33ma
ria-hidden[39m=[32m"true"
[39m
                      [33mc
lass[39m=[32m"lucide 
lucide-share2 
lucide-share-2 w-4 h-4"[39m
                      [33mf
ill[39m=[32m"none"[39m
                      [33mh
eight[39m=[32m"24"[39m
                      [33ms
troke[39m=[32m"currentColo
r"[39m
                      [33ms
troke-linecap[39m=[32m"rou
nd"[39m
                      [33ms
troke-linejoin[39m=[32m"ro
und"[39m
                      [33ms
troke-width[39m=[32m"2"[3
9m
                      
[33mviewBox[39m=[32m"0 0 
24 24"[39m
                      [33mw
idth[39m=[32m"24"[39m
                      [33mx
mlns[39m=[32m"http://www.w
3.org/2000/svg"[39m
                    
[36m>[39m
                      
[36m<circle[39m
                        
[33mcx[39m=[32m"18"[39m
                        
[33mcy[39m=[32m"5"[39m
                        
[33mr[39m=[32m"3"[39m
                      
[36m/>[39m
                      
[36m<circle[39m
                        
[33mcx[39m=[32m"6"[39m
                        
[33mcy[39m=[32m"12"[39m
                        
[33mr[39m=[32m"3"[39m
                      
[36m/>[39m
                      
[36m<circle[39m
                        
[33mcx[39m=[32m"18"[39m
                        
[33mcy[39m=[32m"19"[39m
                        
[33mr[39m=[32m"3"[39m
                      
[36m/>[39m
                      
[36m<line[39m
                        [33
mx1[39m=[32m"8.59"[39m
                        [33
mx2[39m=[32m"15.42"[39m
                        [33
my1[39m=[32m"13.51"[39m
                        [33
my2[39m=[32m"17.49"[39m
                      
[36m/>[39m
                      
[36m<line[39m
                        [33
mx1[39m=[32m"15.41"[39m
                        [33
mx2[39m=[32m"8.59"[39m
                        [33
my1[39m=[32m"6.51"[39m
                        [33
my2[39m=[32m"10.49"[39m
                      
[36m/>[39m
                    
[36m</svg>[39m
                  
[36m</button>[39m
                
[36m</div>[39m
                
[36m<div[39m
                  
[33mclass[39m=[32m"grid 
grid-cols-4 gap-6"[39m
                [36m>[39m
                  
[36m<button[39m
                    [33mcla
ss[39m=[32m"aspect-[3/4] 
relative rounded-3xl 
overflow-hidden bg-gray-50 
border-4 transition-all 
duration-500 transform 
border-transparent 
hover:scale-105"[39m
                  
[36m>[39m
                    
[36m<img[39m
                      
[33malt[39m=[32m"Premium 
Jacket 1"[39m
                      [33mc
lass[39m=[32m"object-cover
 object-center"[39m
                      [33ms
rc[39m=[32m"/jacket1.jpg"
[39m
                    
[36m/>[39m
                  
[36m</button>[39m
                  
[36m<button[39m
                    [33mcla
ss[39m=[32m"aspect-[3/4] 
relative rounded-3xl 
overflow-hidden bg-gray-50 
border-4 transition-all 
duration-500 transform 
border-transparent 
hover:scale-105"[39m
                  
[36m>[39m
                    
[36m<img[39m
                      
[33malt[39m=[32m"Premium 
Jacket 2"[39m
                      [33mc
lass[39m=[32m"object-cover
 object-center"[39m
                      [33ms
rc[39m=[32m"/jacket2.jpg"
[39m
                    
[36m/>[39m
                  
[36m</button>[39m
                
[36m</div>[39m
              
[36m</div>[39m
              [36m<div[39m
                [33mclass[
39m=[32m"lg:col-span-5 
mt-16 sm:mt-20 lg:mt-0 
animate-slide-left"[39m
                [33mstyle[
39m=[32m"animation-delay: 
200ms;"[39m
              [36m>[39m
                
[36m<div[39m
                  [33mclass
[39m=[32m"sticky top-24 
space-y-12"[39m
                [36m>[39m
                  
[36m<div[39m
                    [33mcla
ss[39m=[32m"space-y-4"[39
m
                  
[36m>[39m
                    
[36m<div[39...

    [0m [90m 68 |[39m    
     render([33m<[39m[33m
ProductDetailClient[39m [3
3m/[39m[33m>[39m)[33m;[
39m
     [90m 69 |[39m
    
[31m[1m>[22m[39m[90m 
70 |[39m         
[36mawait[39m waitFor(() 
[33m=>[39m {
     [90m    |[39m        
              
[31m[1m^[22m[39m
     [90m 71 |[39m        
     expect(screen[33m.[39
mgetByText([32m'Premium Jac
ket'[39m))[33m.[39mtoBeIn
TheDocument()[33m;[39m
     [90m 72 |[39m        
     expect(screen[33m.[39
mgetByText([32m'$299'[39m)
)[33m.[39mtoBeInTheDocumen
t()[33m;[39m
     [90m 73 |[39m        
     expect(screen[33m.[39
mgetByText([32m'Trendora Lu
xury'[39m))[33m.[39mtoBeI
nTheDocument()[33m;[39m[0
m

      at waitForWrapper (nod
e_modules/@testing-library/d
om/dist/wait-for.js:163:27)
      at Object.<anonymous> 
(src/app/products/[id]/tests
/ProductDetailsPage.test.js:
70:22)

  ??? ProductDetailsPage 
??? dispatches addToCart 
when clicking reserve button

    Found multiple elements 
with the text: Premium 
Jacket

    Here are the matching 
elements:

    Ignored nodes: 
comments, script, style
    [36m<span[39m
      [33mclass[39m=[32m"
text-black"[39m
    [36m>[39m
      [0mPremium Jacket[0m
    [36m</span>[39m

    Ignored nodes: 
comments, script, style
    [36m<h1[39m
      [33mclass[39m=[32m"
text-6xl font-black 
text-gray-900 leading-[0.9] 
tracking-tighter uppercase 
italic"[39m
    [36m>[39m
      [0mPremium Jacket[0m
    [36m</h1>[39m

    (If this is 
intentional, then use the 
`*AllBy*` variant of the 
query (like 
`queryAllByText`, 
`getAllByText`, or 
`findAllByText`)).

    Ignored nodes: 
comments, script, style
    [36m<body>[39m
      [36m<div>[39m
        [36m<div[39m
          [33mclass[39m=[
32m"bg-white min-h-screen 
pt-24 pb-32 
overflow-hidden"[39m
        [36m>[39m
          [36m<div[39m
            [33mclass[39m=
[32m"max-w-7xl mx-auto 
px-4 sm:px-6 lg:px-8"[39m
          [36m>[39m
            [36m<div[39m
              
[33mclass[39m=[32m"flex 
items-center gap-4 mb-12 
animate-fade-in"[39m
            [36m>[39m
              [36m<a[39m
                [33mhref[3
9m=[32m"/products"[39m
              [36m>[39m
                
[36m<svg[39m
                  [33maria-
hidden[39m=[32m"true"[39m
                  [33mclass
[39m=[32m"lucide 
lucide-arrow-left w-4 h-4 
text-gray-400 
group-hover:text-black"[39m
                  [33mfill
[39m=[32m"none"[39m
                  [33mheigh
t[39m=[32m"24"[39m
                  [33mstrok
e[39m=[32m"currentColor"[
39m
                  [33mstrok
e-linecap[39m=[32m"round"
[39m
                  [33mstrok
e-linejoin[39m=[32m"round"
[39m
                  [33mstrok
e-width[39m=[32m"2"[39m
                  
[33mviewBox[39m=[32m"0 0 
24 24"[39m
                  [33mwidth
[39m=[32m"24"[39m
                  [33mxmlns
[39m=[32m"http://www.w3.or
g/2000/svg"[39m
                [36m>[39m
                  
[36m<path[39m
                    
[33md[39m=[32m"m12 
19-7-7 7-7"[39m
                  
[36m/>[39m
                  
[36m<path[39m
                    
[33md[39m=[32m"M19 
12H5"[39m
                  
[36m/>[39m
                
[36m</svg>[39m
              [36m</a>[39m
              [36m<div[39m
                [33mclass[
39m=[32m"h-[1px] w-8 
bg-gray-100"[39m
              [36m/>[39m
              [36m<p[39m
                [33mclass[
39m=[32m"text-[10px] 
font-black text-gray-400 
uppercase 
tracking-widest"[39m
              [36m>[39m
                [0mmen[0m
                [0m / [0m
                
[36m<span[39m
                  [33mclass
[39m=[32m"text-black"[39m
                [36m>[39m
                  
[0mPremium Jacket[0m
                
[36m</span>[39m
              [36m</p>[39m
            [36m</div>[39m
            [36m<div[39m
              [33mclass[39
m=[32m"lg:grid 
lg:grid-cols-12 lg:gap-16 
xl:gap-24"[39m
            [36m>[39m
              [36m<div[39m
                [33mclass[
39m=[32m"lg:col-span-7 
space-y-8 
animate-slide-right"[39m
              [36m>[39m
                
[36m<div[39m
                  [33mclass
[39m=[32m"relative 
aspect-[3/4] rounded-[40px] 
overflow-hidden bg-gray-50 
border border-gray-100 
shadow-2xl group 
cursor-zoom-in"[39m
                [36m>[39m
                  
[36m<img[39m
                    
[33malt[39m=[32m"Premium 
Jacket"[39m
                    [33mcla
ss[39m=[32m"object-cover 
object-center 
transition-transform 
duration-1000 
group-hover:scale-110"[39m
                    [33msrc
[39m=[32m"/jacket.jpg"[39
m
                  
[36m/>[39m
                  
[36m<div[39m
                    [33mcla
ss[39m=[32m"absolute 
top-8 left-8 bg-black 
text-white text-[10px] 
font-black px-4 py-2 
rounded-full uppercase 
tracking-[0.2em] 
shadow-xl"[39m
                  
[36m>[39m
                    
[0m-[0m
                    
[0m10[0m
                    [0m% 
Exclusive[0m
                  
[36m</div>[39m
                  
[36m<button[39m
                    [33mcla
ss[39m=[32m"absolute 
top-8 right-8 p-4 
bg-white/10 
backdrop-blur-md 
rounded-full text-white 
hover:bg-white 
hover:text-black 
transition-all"[39m
                  
[36m>[39m
                    
[36m<svg[39m
                      [33ma
ria-hidden[39m=[32m"true"
[39m
                      [33mc
lass[39m=[32m"lucide 
lucide-share2 
lucide-share-2 w-4 h-4"[39m
                      [33mf
ill[39m=[32m"none"[39m
                      [33mh
eight[39m=[32m"24"[39m
                      [33ms
troke[39m=[32m"currentColo
r"[39m
                      [33ms
troke-linecap[39m=[32m"rou
nd"[39m
                      [33ms
troke-linejoin[39m=[32m"ro
und"[39m
                      [33ms
troke-width[39m=[32m"2"[3
9m
                      
[33mviewBox[39m=[32m"0 0 
24 24"[39m
                      [33mw
idth[39m=[32m"24"[39m
                      [33mx
mlns[39m=[32m"http://www.w
3.org/2000/svg"[39m
                    
[36m>[39m
                      
[36m<circle[39m
                        
[33mcx[39m=[32m"18"[39m
                        
[33mcy[39m=[32m"5"[39m
                        
[33mr[39m=[32m"3"[39m
                      
[36m/>[39m
                      
[36m<circle[39m
                        
[33mcx[39m=[32m"6"[39m
                        
[33mcy[39m=[32m"12"[39m
                        
[33mr[39m=[32m"3"[39m
                      
[36m/>[39m
                      
[36m<circle[39m
                        
[33mcx[39m=[32m"18"[39m
                        
[33mcy[39m=[32m"19"[39m
                        
[33mr[39m=[32m"3"[39m
                      
[36m/>[39m
                      
[36m<line[39m
                        [33
mx1[39m=[32m"8.59"[39m
                        [33
mx2[39m=[32m"15.42"[39m
                        [33
my1[39m=[32m"13.51"[39m
                        [33
my2[39m=[32m"17.49"[39m
                      
[36m/>[39m
                      
[36m<line[39m
                        [33
mx1[39m=[32m"15.41"[39m
                        [33
mx2[39m=[32m"8.59"[39m
                        [33
my1[39m=[32m"6.51"[39m
                        [33
my2[39m=[32m"10.49"[39m
                      
[36m/>[39m
                    
[36m</svg>[39m
                  
[36m</button>[39m
                
[36m</div>[39m
                
[36m<div[39m
                  
[33mclass[39m=[32m"grid 
grid-cols-4 gap-6"[39m
                [36m>[39m
                  
[36m<button[39m
                    [33mcla
ss[39m=[32m"aspect-[3/4] 
relative rounded-3xl 
overflow-hidden bg-gray-50 
border-4 transition-all 
duration-500 transform 
border-transparent 
hover:scale-105"[39m
                  
[36m>[39m
                    
[36m<img[39m
                      
[33malt[39m=[32m"Premium 
Jacket 1"[39m
                      [33mc
lass[39m=[32m"object-cover
 object-center"[39m
                      [33ms
rc[39m=[32m"/jacket1.jpg"
[39m
                    
[36m/>[39m
                  
[36m</button>[39m
                  
[36m<button[39m
                    [33mcla
ss[39m=[32m"aspect-[3/4] 
relative rounded-3xl 
overflow-hidden bg-gray-50 
border-4 transition-all 
duration-500 transform 
border-transparent 
hover:scale-105"[39m
                  
[36m>[39m
                    
[36m<img[39m
                      
[33malt[39m=[32m"Premium 
Jacket 2"[39m
                      [33mc
lass[39m=[32m"object-cover
 object-center"[39m
                      [33ms
rc[39m=[32m"/jacket2.jpg"
[39m
                    
[36m/>[39m
                  
[36m</button>[39m
                
[36m</div>[39m
              
[36m</div>[39m
              [36m<div[39m
                [33mclass[
39m=[32m"lg:col-span-5 
mt-16 sm:mt-20 lg:mt-0 
animate-slide-left"[39m
                [33mstyle[
39m=[32m"animation-delay: 
200ms;"[39m
              [36m>[39m
                
[36m<div[39m
                  [33mclass
[39m=[32m"sticky top-24 
space-y-12"[39m
                [36m>[39m
                  
[36m<div[39m
                    [33mcla
ss[39m=[32m"space-y-4"[39
m
                  
[36m>[39m
                    
[36m<div[39...

    [0m [90m 79 |[39m    
     render([33m<[39m[33m
ProductDetailClient[39m [3
3m/[39m[33m>[39m)[33m;[
39m
     [90m 80 |[39m
    
[31m[1m>[22m[39m[90m 
81 |[39m         
[36mawait[39m waitFor(() 
[33m=>[39m expect(screen[
33m.[39mgetByText([32m'Pre
mium Jacket'[39m))[33m.[3
9mtoBeInTheDocument())[33m;
[39m
     [90m    |[39m        
              
[31m[1m^[22m[39m
     [90m 82 |[39m
     [90m 83 |[39m        
 [36mconst[39m 
reserveButton [33m=[39m sc
reen[33m.[39mgetByText([3
5m/RESERVE FOR 
SHIPMENT/i[39m)[33m;[39m
     [90m 84 |[39m        
 fireEvent[33m.[39mclick(r
eserveButton)[33m;[39m[0m

      at waitForWrapper (nod
e_modules/@testing-library/d
om/dist/wait-for.js:163:27)
      at Object.<anonymous> 
(src/app/products/[id]/tests
/ProductDetailsPage.test.js:
81:22)

----------------------------|---------|----------|---------|---------|--------------------------
File                        | % Stmts | % Branch | % Funcs | % Lines | Uncovered Line #s        
----------------------------|---------|----------|---------|---------|--------------------------
All files                   |    6.07 |    33.33 |    6.97 |    6.07 |                          
 app                        |       0 |        0 |       0 |       0 |                          
  layout.tsx                |       0 |        0 |       0 |       0 | 1-101                    
  page.tsx                  |       0 |        0 |       0 |       0 | 1-93                     
  robots.ts                 |       0 |        0 |       0 |       0 | 1-12                     
  sitemap.ts                |       0 |        0 |       0 |       0 | 1-32                     
 app/cart                   |       0 |        0 |       0 |       0 |                          
  CartClient.tsx            |       0 |        0 |       0 |       0 | 1-188                    
  page.tsx                  |       0 |        0 |       0 |       0 | 1-12                     
 app/checkout               |       0 |        0 |       0 |       0 |                          
  CheckoutClient.tsx        |       0 |        0 |       0 |       0 | 1-297                    
  page.tsx                  |       0 |        0 |       0 |       0 | 1-12                     
 app/login                  |       0 |        0 |       0 |       0 |                          
  LoginClient.tsx           |       0 |        0 |       0 |       0 | 1-182                    
  page.tsx                  |       0 |        0 |       0 |       0 | 1-11                     
 app/orders                 |       0 |        0 |       0 |       0 |                          
  OrdersClient.tsx          |       0 |        0 |       0 |       0 | 1-198                    
  page.tsx                  |       0 |        0 |       0 |       0 | 1-12                     
 app/products               |       0 |        0 |       0 |       0 |                          
  ProductsClient.tsx        |       0 |        0 |       0 |       0 | 1-129                    
  page.tsx                  |       0 |        0 |       0 |       0 | 1-44                     
 app/products/[id]          |   78.07 |       70 |   28.57 |   78.07 |                          
  ProductDetailClient.tsx   |   93.25 |    72.41 |   33.33 |   93.25 | 38,48-51,54-57,69-75,118 
  page.tsx                  |       0 |        0 |       0 |       0 | 1-49                     
 app/profile                |       0 |        0 |       0 |       0 |                          
  ProfileClient.tsx         |       0 |        0 |       0 |       0 | 1-269                    
  page.tsx                  |       0 |        0 |       0 |       0 | 1-12                     
 app/register               |       0 |        0 |       0 |       0 |                          
  RegisterClient.tsx        |       0 |        0 |       0 |       0 | 1-214                    
  page.tsx                  |       0 |        0 |       0 |       0 | 1-11                     
 app/wishlist               |       0 |        0 |       0 |       0 |                          
  WishlistClient.tsx        |       0 |        0 |       0 |       0 | 1-89                     
  page.tsx                  |       0 |        0 |       0 |       0 | 1-12                     
 components/auth            |       0 |        0 |       0 |       0 |                          
  AuthInit.tsx              |       0 |        0 |       0 |       0 | 1-32                     
 components/beauty          |       0 |        0 |       0 |       0 |                          
  BeautyLandingPage.tsx     |       0 |        0 |       0 |       0 | 1-246                    
 components/home            |       0 |        0 |       0 |       0 |                          
  CategoryShowcase.tsx      |       0 |        0 |       0 |       0 | 1-81                     
  FeaturedSection.tsx       |       0 |        0 |       0 |       0 | 1-142                    
 components/home_living     |       0 |        0 |       0 |       0 |                          
  HomeLivingLandingPage.tsx |       0 |        0 |       0 |       0 | 1-266                    
 components/kids            |       0 |        0 |       0 |       0 |                          
  KidsLandingPage.tsx       |       0 |        0 |       0 |       0 | 1-258                    
 components/layout          |       0 |        0 |       0 |       0 |                          
  ConditionalLayout.tsx     |       0 |        0 |       0 |       0 | 1-24                     
  Footer.tsx                |       0 |        0 |       0 |       0 | 1-93                     
  Hero.tsx                  |       0 |        0 |       0 |       0 | 1-102                    
  Navbar.tsx                |       0 |        0 |       0 |       0 | 1-210                    
 components/men             |       0 |        0 |       0 |       0 |                          
  MenLandingPage.tsx        |       0 |        0 |       0 |       0 | 1-255                    
 components/product         |       0 |        0 |       0 |       0 |                          
  CategoryHeader.tsx        |       0 |        0 |       0 |       0 | 1-70                     
  FilterSidebar.tsx         |       0 |        0 |       0 |       0 | 1-147                    
  ProductCard.tsx           |       0 |        0 |       0 |       0 | 1-114                    
 components/ui              |     100 |      100 |     100 |     100 |                          
  Button.tsx                |     100 |      100 |     100 |     100 |                          
 components/women           |       0 |        0 |       0 |       0 |                          
  WomenLandingPage.tsx      |       0 |        0 |       0 |       0 | 1-243                    
----------------------------|---------|----------|---------|---------|--------------------------
Test Suites: 1 failed, 1 
total
Tests:       2 failed, 1 
passed, 3 total
Snapshots:   0 total
Time:        3.645 s
Ran all test suites 
matching 
ProductDetailsPage.test.js.
